// Jest Snapshot v1, https://goo.gl/fbAQLP

exports[`Login render should render correctly 1`] = `
<div
  className="sc-AxjAm czhxNj"
>
  <div>
    <form
      className="sc-AxirZ gjSkbk"
    >
      <label>
        LOGIN
      </label>
      <input
        placeholder="Email Address"
        type="text"
      />
      <input
        autoComplete="on"
        placeholder="Password"
        type="password"
      />
      <input
        type="submit"
        value="SUBMIT"
      />
    </form>
  </div>
</div>
`;
