// Jest Snapshot v1, https://goo.gl/fbAQLP

exports[`Button render should render correctly 1`] = `
<div
  className="sc-AxjAm hMrxYV"
/>
`;
