// Jest Snapshot v1, https://goo.gl/fbAQLP

exports[`PieChart should render correctly 1`] = `
<div
  className="sc-AxiKw hIppFK"
>
  <svg
    height="100"
    viewBox="0 0 100 100"
    width="100"
  />
  <svg
    height="100"
    style={
      Object {
        "transform": "rotate(-90deg)",
      }
    }
    viewBox="0 0 100 100"
    width="100"
  >
    <circle
      cx="50"
      cy="50"
      fill="transparent"
      r="25"
      stroke="#000000"
      strokeDasharray="0 157"
      strokeWidth="50"
    />
  </svg>
  <svg
    height="100"
    style={
      Object {
        "transform": "rotate(-90deg)",
      }
    }
    viewBox="0 0 100 100"
    width="100"
  >
    <circle
      cx="50"
      cy="50"
      fill="transparent"
      r="25"
      stroke="#111111"
      strokeDasharray="0 157"
      strokeWidth="50"
    />
  </svg>
</div>
`;
