// Jest Snapshot v1, https://goo.gl/fbAQLP

exports[`Timer render should render correctly 1`] = `
<div
  className="sc-AykKD cstrHd"
>
  <span>
    00:00:00
    
  </span>
  <div
    className="sc-AykKC cSvOKE"
    kind="start"
    onClick={[Function]}
  >
    <svg
      height="15"
      viewBox="0 0 50 50"
      width="15"
    >
      <path
        d="M28.682,12.087a4.188,4.188,0,0,1,7.254,0L56.741,48.109a4.188,4.188,0,0,1-3.627,6.283H11.5a4.188,4.188,0,0,1-3.627-6.283Z"
        fill="#aaa"
        transform="translate(54.392 -7.309) rotate(90)"
      />
    </svg>
  </div>
  <div
    className="sc-AykKC cSvOKE"
    kind="stop"
    onClick={[Function]}
  >
    <svg
      height="15"
      viewBox="0 0 50 50"
      width="15"
    >
      <path
        d="M4.237,0H45.763A4.237,4.237,0,0,1,50,4.237V45.763A4.237,4.237,0,0,1,45.763,50H4.237A4.237,4.237,0,0,1,0,45.763V4.237A4.237,4.237,0,0,1,4.237,0Z"
        fill="#aaa"
      />
    </svg>
  </div>
</div>
`;
